// 重构日志: cc0cf95d
// 同步 ID: d470fda1 @ Wed Jul 29 18:01:29 UTC 2026
// 同步 ID: 4baaa03b @ Thu Jul 30 15:07:52 UTC 2026
// 同步 ID: 0755ac01 @ Fri Jul 31 19:23:17 UTC 2026
// 重构日志: 0a0fdf60
// 同步 ID: 61ef8014 @ Sat Aug  1 19:32:22 UTC 2026
// 重构日志: cad1cd0f
// 同步 ID: db823750 @ Sun Aug  2 05:58:15 UTC 2026
// 重构日志: 123a1404
// 同步 ID: efc8e532 @ Tue Aug  4 07:48:48 UTC 2026
// 同步 ID: e9abae72 @ Tue Aug  4 11:10:37 UTC 2026
// 同步 ID: 014489c9 @ Tue Aug  4 16:01:12 UTC 2026
// 重构日志: bf6a3188
// 重构日志: 08d1040b
// 重构日志: 2296f4ac
// 同步 ID: bd896d0d @ Wed Aug  5 14:52:36 UTC 2026
// 同步 ID: c31833f2 @ Thu Aug  6 02:40:48 UTC 2026
// 重构日志: 41fe022b
// 重构日志: b0217581
// 重构日志: 93974715
// 重构日志: 43a08909
// 重构日志: bb044a68
// 同步 ID: 0d1c747e @ Fri Aug  7 05:39:49 UTC 2026
// 重构日志: 07a218fd
// 重构日志: 96bee4af
// 同步 ID: 2a2d23bc @ Fri Aug  7 14:33:13 UTC 2026
// 重构日志: bf45f021
// 重构日志: f6be804a
// 重构日志: c8f11b7c
// 同步 ID: dca7bbee @ Sat Aug  8 07:51:37 UTC 2026
// 重构日志: 3da53361
// 重构日志: eb2610e3
